         w __deregister_frame_info
         w __register_frame_info
         w userAppExit
         w userAppInit
00000000 00000802 B __ctru_dev_utf16_buf
00000000 A __sync_synchronize
00000000 b _TLS_MODULE_BASE_
00000000 a shift
00000000 a shift
00000804 00000401 B __ctru_dev_path_buf
00100000 A __start__
00100000 T _start
00100008 T __service_ptr
0010000c T __apt_appid
00100010 T __heap_size
00100014 T __linear_heap_size
00100018 T __system_arglist
0010001c T __system_runflags
00100020 t startup
00100058 t ClearMem
0010006c t ClrLoop
00100094 T _init
001000ac t .udivsi3_skip_div0_test
001000ac T __aeabi_uidiv
001000ac 000001ec T __udivsi3
00100298 00000020 T __aeabi_uidivmod
001002b8 T __aeabi_idiv
001002b8 00000220 T __divsi3
001002c0 t .divsi3_skip_div0_test
001004d8 00000020 T __aeabi_idivmod
001004f8 00000004 W __aeabi_idiv0
001004f8 00000004 W __aeabi_ldiv0
001004fc T __aeabi_uldivmod
00100548 00000390 T strcmp
001008d0 t __do_global_dtors_aux
00100920 t frame_dummy
0010094c 00000088 T initGraphics
001009d4 000000f0 T parseFeed
00100ac4 00000208 T doLogin
00100ccc 00000294 T render
00100f60 000000dc T main
0010103c 00000008 T network_init
00101044 00000004 T network_exit
00101048 00000138 T network_post
00101180 00000118 T network_get
00101298 00000044 t C2Di_FrameEndHook
001012e0 0000036c T C2D_Init
0010164c 0000004c T C2D_Fini
00101698 000000b8 T C2D_Prepare
00101750 00000048 T C2D_Flush
00101798 00000104 T C2D_SceneSize
0010189c 00000058 T C2D_CreateScreenTarget
001018f4 00000064 T C2D_TargetClear
00101958 00000058 T C2Di_AppendQuad
001019b0 00000040 T C2Di_AppendVtx
001019f0 00000550 T C2Di_Update
00101f40 00000158 T C2D_DrawRectangle
00102098 0000016c T C2D_DrawEllipse
00102204 00000018 t C2Di_GlyphComp
0010221c 00000140 t C2Di_CalcLineWidths
0010235c 000001dc T C2D_TextBufNew
00102538 00000004 T C2D_TextBufDelete
0010253c 000001c8 T C2D_TextFontParseLine
00102704 000000a8 T C2D_TextFontParse
001027ac 00000014 T C2D_TextParse
001027c0 00000030 T C2D_TextOptimize
001027f0 00000f6c T C2D_DrawText
0010375c 00000044 T C2D_FontGlyphIndexFromCodePoint
001037a0 00000078 T C2D_FontCalcGlyphPos
00103818 00000028 T AttrInfo_Init
00103840 00000094 T AttrInfo_AddLoader
001038d4 00000054 T C3D_SetAttrInfo
00103928 00000080 T C3Di_AttrInfoBind
001039a8 00000004 W C3Di_LightEnvUpdate
001039ac 00000004 W C3Di_LightEnvDirty
001039b0 000000b4 t C3Di_AptEventHook
00103a64 00000004 W C3Di_GasUpdate
00103a68 000001d0 T C3D_Init
00103c38 00000098 T C3D_SetViewport
00103cd0 000004e8 T C3Di_UpdateContext
001041b8 000000e0 T C3Di_SplitFrame
00104298 00000044 T C3D_Fini
001042dc 00000194 T C3D_BindProgram
00104470 00000024 T BufInfo_Init
00104494 00000080 T BufInfo_Add
00104514 0000003c T C3D_SetBufInfo
00104550 00000048 T C3Di_BufInfoBind
00104598 0000021c T C3D_DrawElements
001047b4 00000040 T C3D_DepthMap
001047f4 0000001c T C3D_CullFace
00104810 00000040 T C3D_StencilTest
00104850 00000024 T C3D_StencilOp
00104874 0000001c T C3D_BlendingColor
00104890 00000024 T C3D_EarlyDepthTest
001048b4 0000002c T C3D_DepthTest
001048e0 0000002c T C3D_AlphaTest
0010490c 00000050 T C3D_AlphaBlend
0010495c 00000030 T C3D_FragOpMode
0010498c 00000044 T C3D_FragOpShadow
001049d0 000001ac T C3Di_EffectBind
00104b7c 0000001c T C3D_CalcColorBufSize
00104b98 0000001c T C3D_CalcDepthBufSize
00104bb4 00000044 T C3D_SetFrameBuf
00104bf8 0000016c T C3Di_FrameBufBind
00104d64 000000c8 T C3D_FrameBufClear
00104e2c 00000044 T C3D_FrameBufTransfer
00104e70 000000a8 T C3D_ImmSendAttrib
00104f18 00000070 T C3D_ProcTexInit
00104f88 00000054 T C3D_ProcTexBind
00104fdc 0000005c T C3D_ProcTexLutBind
00105038 000000a4 T ProcTexLut_FromArray
001050dc 00000178 T C3Di_ProcTexUpdate
00105254 00000068 T C3Di_ProcTexDirty
001052bc 0000004c t onVBlank0
00105308 0000004c t onVBlank1
00105354 00000080 t C3Di_RenderTargetDestroy
001053d4 000000f4 t onQueueFinish
001054c8 00000038 T C3Di_RenderQueueEnableVBlank
00105500 00000030 T C3Di_RenderQueueDisableVBlank
00105530 00000060 T C3Di_RenderQueueInit
00105590 000000b4 T C3Di_RenderQueueExit
00105644 00000034 T C3Di_RenderQueueWaitDone
00105678 000000e8 T C3D_FrameBegin
00105760 00000048 T C3D_FrameDrawOn
001057a8 00000058 T C3D_FrameSplit
00105800 000001d0 T C3D_FrameEnd
001059d0 0000001c T C3D_FrameEndHook
001059ec 00000170 T C3D_RenderTargetCreate
00105b5c 000000a8 T C3D_RenderTargetSetOutput
00105c04 00000034 T C3D_GetTexEnv
00105c38 00000024 T C3Di_TexEnvBind
00105c5c 00000044 T C3D_TexBind
00105ca0 0000014c T C3Di_SetTex
00105dec 00000290 T C3D_UpdateUniforms
0010607c 000000c0 T C3Di_DirtyUniforms
0010613c 000000d8 T C3Di_LoadShaderUniforms
00106214 00000028 T C3Di_ClearShaderUniforms
0010623c 000000cc T Mtx_Ortho
00106308 000000cc T Mtx_OrthoTilt
001063d4 00000024 t addrMapNodeComparator(rbtree_node const*, rbtree_node const*)
001063f8 00000004 t addrMapNodeDestructor(rbtree_node*)
001063fc 0000012c T linearMemAlign
00106528 00000008 T linearAlloc
00106530 0000005c T linearFree
0010658c 00000088 T MemPool::CoalesceRight(MemBlock*)
00106614 00000178 T MemPool::Allocate(MemChunk&, unsigned long, int)
0010678c 00000118 T MemPool::Deallocate(MemChunk const&)
001068a4 00000030 T MemPool::GetFreeSpace()
001068d4 00000024 t addrMapNodeComparator(rbtree_node const*, rbtree_node const*)
001068f8 00000004 t addrMapNodeDestructor(rbtree_node*)
001068fc 00000248 T vramMemAlignAt
00106b44 0000000c T vramAlloc
00106b50 0000000c T vramAllocAt
00106b5c 00000094 T vramFree
00106bf0 0000009c T fontEnsureMapped
00106c8c 00000100 T fontGlyphIndexFromCodePoint
00106d8c 00000214 T fontCalcGlyphPos
00106fa0 000000cc t gfxPresentFramebuffer
0010706c 0000001c T gfxIsWide
00107088 000000f8 T gfxSetScreenFormat
00107180 000000d8 T gfxInit
00107258 00000010 T gfxInitDefault
00107268 000000b8 T gfxExit
00107320 000000a0 T gfxGetFramebuffer
001073c0 00000028 T gfxScreenSwapBuffers
001073e8 00000074 T osConvertVirtToPhys
0010745c 00000034 T __ctru_speedup_config
00107490 0000013c T GPUCMD_Add
001075cc 000000b0 T GPUCMD_Split
0010767c 00000034 T f32tof16
001076b0 00000034 T f32tof24
001076e4 00000038 T f32tof31
0010771c 00000010 T GX_BindQueue
0010772c 0000007c T GX_ProcessCommandList
001077a8 00000074 T GX_MemoryFill
0010781c 00000074 T GX_DisplayTransfer
00107890 00000064 t gxCmdQueueDoCommands.part.0
001078f4 000000e4 T gxCmdQueueInterrupt
001079d8 00000068 T gxCmdQueueClear
00107a40 00000108 T gxCmdQueueAdd
00107b48 00000080 T gxCmdQueueRun
00107bc8 00000064 T gxCmdQueueStop
00107c2c 0000008c T gxCmdQueueWait
00107cb8 000001e0 T shaderInstanceInit
00107e98 00000018 T shaderInstanceGetUniformLocation
00107eb0 0000001c T shaderProgramInit
00107ecc 00000074 T shaderProgramFree
00107f40 00000094 T shaderProgramSetVsh
00107fd4 000008d0 T shaderProgramConfigure
001088a4 000001dc t DVLE_GenerateOutmap.part.0
00108a80 000001ac T DVLB_ParseFile
00108c2c 00000050 T DVLB_Free
00108c7c 00000074 T DVLE_GetUniformRegister
00108cf0 00000180 t aptConvertScreenForCapture
00108e70 00000008 W aptDspSleep
00108e78 00000004 W aptDspWakeup
00108e7c 00000004 W aptDspCancel
00108e80 00000138 T aptSendCommand
00108fb8 00000044 t aptExitProcess
00108ffc 00000394 T aptExit
00109390 000000d8 T aptHandleSleep
00109468 00000034 T aptHook
0010949c 00000030 T aptUnhook
001094cc 0000001c T aptSetMessageCallback
001094e8 00000084 T APT_SleepIfShellClosed
0010956c 00000078 T aptSetSleepAllowed
001095e4 00000084 T APT_UnlockTransition
00109668 00000470 t aptEventHandler
00109ad8 000000bc T APT_ReceiveParameter
00109b94 000000b0 t aptReceiveParameter.constprop.0
00109c48 00000294 t aptScreenTransfer
00109edc 000002d0 t aptWaitForWakeUp.isra.0
0010a1ac 00000114 T aptLaunchLibraryApplet
0010a2c0 000000f4 T aptJumpToHomeMenu
0010a3b4 00000058 T aptMainLoop
0010a40c 00000240 T aptInit
0010a64c 0000005c T APT_SendParameter
0010a6a8 00000090 T APT_CheckNew3DS
0010a738 00000048 T APT_GetSharedFont
0010a780 00000104 T fsInit
0010a884 0000003c T fsExit
0010a8c0 00000068 T fsExemptFromSession
0010a928 00000050 T fsUnexemptFromSession
0010a978 000000cc T FSUSER_OpenFile
0010aa44 000000b8 T FSUSER_DeleteFile
0010aafc 000000f4 T FSUSER_RenameFile
0010abf0 000000b8 T FSUSER_DeleteDirectory
0010aca8 000000d0 T FSUSER_CreateFile
0010ad78 000000c0 T FSUSER_CreateDirectory
0010ae38 000000f4 T FSUSER_RenameDirectory
0010af2c 000000b4 T FSUSER_OpenDirectory
0010afe0 00000090 T FSUSER_OpenArchive
0010b070 0000008c T FSUSER_CloseArchive
0010b0fc 00000074 T FSUSER_GetSdmcArchiveResource
0010b170 00000064 T FSUSER_IsSdmcWritable
0010b1d4 00000064 T FSFILE_Read
0010b238 0000006c T FSFILE_Write
0010b2a4 00000044 T FSFILE_GetSize
0010b2e8 00000028 T FSFILE_SetSize
0010b310 0000003c T FSFILE_Close
0010b34c 00000024 T FSFILE_Flush
0010b370 00000060 T FSDIR_Read
0010b3d0 0000003c T FSDIR_Close
0010b40c 00000c70 t gspHardwareInit
0010c07c 00000280 T gspInit
0010c2fc 00000110 T gspExit
0010c40c 00000010 T gspHasGpuRight
0010c41c 000000a4 T gspPresentBuffer
0010c4c0 00000030 T gspSetEventCallback
0010c4f0 00000050 T gspWaitForEvent
0010c540 0000004c T gspWaitForAnyEvent
0010c58c 00000154 t gspEventThreadMain
0010c6e0 0000012c T gspSubmitGxCommand
0010c80c 00000050 T GSPGPU_FlushDataCache
0010c85c 00000034 T GSPGPU_SetLcdForceBlack
0010c890 00000080 T GSPGPU_AcquireRight
0010c910 0000005c T GSPGPU_ReleaseRight
0010c96c 0000007c T GSPGPU_ImportDisplayCaptureInfo
0010c9e8 0000002c T GSPGPU_SaveVramSysArea
0010ca14 0000002c T GSPGPU_RestoreVramSysArea
0010ca40 00000024 W hidShouldUseIrrst
0010ca64 000001cc T hidInit
0010cc30 000000e8 T hidExit
0010cd18 000002a0 T hidScanInput
0010cfb8 00000010 T hidKeysDown
0010cfc8 000001dc T httpcInit
0010d1a4 000000bc T httpcExit
0010d260 00000170 T httpcOpenContext
0010d3d0 00000040 T httpcCloseContext
0010d410 0000008c T httpcAddRequestHeaderField
0010d49c 00000044 T httpcAddPostDataRaw
0010d4e0 00000030 T httpcBeginRequest
0010d510 00000044 T httpcReceiveData
0010d554 00000064 T httpcGetDownloadSizeState
0010d5b8 0000003c T httpcGetResponseStatusCode
0010d5f4 000001a4 T irrstInit
0010d798 000000dc T irrstExit
0010d874 000000b4 T irrstScanInput
0010d928 00000024 T irrstKeysHeld
0010d94c 00000078 T ptmSysmInit
0010d9c4 0000003c T ptmSysmExit
0010da00 00000034 T PTMSYSM_ConfigureNew3DSCPU
0010da34 00000190 t swkbdMessageCallback
0010dbc4 00000084 T swkbdInit
0010dc48 00000064 T swkbdSetHintText
0010dcac 000003a8 T swkbdInputText
0010e054 00000074 T rbtree_find
0010e0c8 00000010 T rbtree_init
0010e0d8 00000198 t do_insert
0010e270 00000008 T rbtree_insert
0010e278 00000310 T rbtree_remove
0010e588 00000090 T rbtree_rotate
0010e618 00000140 T decode_utf8
0010e758 000000e8 T utf16_to_utf8
0010e840 000000c0 T utf8_to_utf16
0010e900 000001e8 W __system_allocateHeaps
0010eae8 00000038 W __libctru_init
0010eb20 0000016c W __system_initArgv
0010ec8c 00000030 T __syscall_getreent
0010ecbc 00000004 T __syscall_lock_acquire
0010ecc0 00000004 T __syscall_lock_release
0010ecc4 00000004 T __syscall_lock_acquire_recursive
0010ecc8 00000004 T __syscall_lock_release_recursive
0010eccc 00000004 T __syscall_exit
0010ecd0 00000054 T initThreadVars
0010ed24 00000080 T __system_initSyscalls
0010eda4 T svcControlMemory
0010edc4 T svcQueryMemory
0010edf4 T svcExitProcess
0010edfc T svcCreateThread
0010ee1c T svcExitThread
0010ee24 T svcSleepThread
0010ee2c T svcReleaseMutex
0010ee34 T svcCreateEvent
0010ee48 T svcSignalEvent
0010ee50 T svcClearEvent
0010ee58 T svcCreateMemoryBlock
0010ee70 T svcMapMemoryBlock
0010ee78 T svcUnmapMemoryBlock
0010ee80 T svcCreateAddressArbiter
0010ee94 T svcArbitrateAddressNoTimeout
0010ee9c T svcCloseHandle
0010eea4 T svcWaitSynchronization
0010eeac T svcWaitSynchronizationN
0010eed4 T svcDuplicateHandle
0010eee8 T svcGetSystemTick
0010eef0 T svcConnectToPort
0010ef04 T svcSendSyncRequest
0010ef0c T svcGetResourceLimit
0010ef20 T svcGetResourceLimitLimitValues
0010ef28 T svcGetResourceLimitCurrentValues
0010ef30 T svcBreak
0010ef38 T __aeabi_read_tp
0010ef44 W initSystem
0010ef94 W __ctru_exit
0010efa8 0000008c W envGetHandle
0010f034 00000050 W envDestroyHandles
0010f084 00000164 T srvInit
0010f1e8 00000064 T srvExit
0010f24c 00000060 T srvEnableNotification
0010f2ac 000000a0 T srvGetServiceHandleDirect
0010f34c 00000048 T srvGetServiceHandle
0010f394 00000034 T srvSubscribe
0010f3c8 00000060 T srvReceiveNotification
0010f428 00000038 T srvPublishToSubscriber
0010f460 0000000c T __sync_init
0010f46c 00000018 T __sync_fini
0010f484 00000028 T syncArbitrateAddress
0010f4ac 000000ac T LightLock_Lock
0010f558 00000040 T LightLock_Unlock
0010f598 00000054 T RecursiveLock_Lock
0010f5ec 00000054 T RecursiveLock_Unlock
0010f640 00000044 T LightEvent_Init
0010f684 000000b8 T LightEvent_Clear
0010f73c 000000dc T LightEvent_Signal
0010f818 00000050 T LightEvent_TryWait
0010f868 000000ac T LightEvent_Wait
0010f914 000001fc T threadCreate
0010fb10 00000038 T threadFree
0010fb48 00000024 T threadJoin
0010fb6c 00000030 T threadGetCurrent
0010fb9c 00000040 T threadExit
0010fbdc 00000020 t _thread_begin
0010fbfc 00000090 t mappableFindAddressWithin
0010fc8c 00000028 T mappableInit
0010fcb4 0000007c T mappableAlloc
0010fd30 00000004 T mappableFree
0010fd34 0000000c T srvPmGetSessionHandle
0010fd40 00000060 T rbtree_node_next
0010fda0 00000054 T decode_utf16
0010fdf4 00000054 T encode_utf16
0010fe48 000000e0 T encode_utf8
0010ff28 00000030 W __appExit
0010ff58 00000030 W __appInit
0010ff88 00000090 W __libctru_exit
00110018 00000014 t archive_link
0011002c 00000014 t archive_dirreset
00110040 00000014 t archive_chmod
00110054 00000024 t error_cmp
00110078 00000050 t archive_translate_error
001100c8 000000c0 t archive_seek
00110188 00000078 t _archiveInit.part.0
00110200 000000d4 t archiveFindDevice.part.0
001102d4 00000298 t archive_utf16path
0011056c 00000098 t _archiveUnmountDeviceStruct.part.0
00110604 00000014 t archive_statvfs
00110618 00000014 t archive_fchmod
0011062c 00000178 t _archiveMountDevice
001107a4 000000f8 t archive_diropen
0011089c 000000ac t archive_fstat
00110948 00000074 t archive_fsync
001109bc 00000074 t archive_close
00110a30 00000078 t archive_dirclose
00110aa8 000000ec t sdmc_statvfs
00110b94 000000f8 t archive_chdir
00110c8c 0000008c t archive_ftruncate
00110d18 000000bc t archive_read
00110dd4 000000a8 t archive_unlink
00110e7c 000000c0 t archive_rmdir
00110f3c 000000d8 t archive_mkdir
00111014 000001a0 t archive_stat
001111b4 00000164 t archive_dirnext
00111318 0000013c t archive_write
00111458 00000254 t archive_open
001116ac 00000270 t archive_rename
0011191c 000001c8 T archiveMountSdmc
00111ae4 00000054 T archiveUnmountAll
00111b38 000000c0 T ceilf
00111bf8 00000130 T __udivmoddi4
00111d28 000000d8 T strncmp
00111e00 00000140 T strchr
00111f40 00000144 T _fclose_r
00112084 0000008c T strlen
00112110 000000d8 T memcmp
001121e8 0000001c t stdio_exit_handler
00112204 0000005c t cleanup_stdio
00112260 00000154 t global_stdio_init.part.0
001123b4 0000005c T __sinit
00112410 0000000c T __sfp_lock_acquire
0011241c 0000000c T __sfp_lock_release
00112428 000001ec t _strtoul_l.isra.0
00112614 0000003c T strtoul
00112650 00000084 T __libc_init_array
001126d4 0000009c T strncat
00112770 00000070 T _fwalk_sglue
001127e0 00000078 T bsearch
00112858 0000000c T __errno
00112864 00000028 T calloc
0011288c 000008e8 T qsort
00113174 000000d8 T _calloc_r
0011324c 00000028 T memalign
00113274 0000082c T _malloc_r
00113aa0 00000114 T _malloc_trim_r
00113bb4 00000314 T _free_r
00113ec8 000000a0 T snprintf
00113f68 000005e0 t get_arg
00114548 0000345c T _svfprintf_r
001179a4 0000003c T strnlen
001179e0 00000040 T malloc
00117a20 00000020 T free
00117a40 0000022c T __sflush_r
00117c6c 000000c4 T _fflush_r
00117d30 00000130 t critical_factorization
00117e60 0000033c t two_way_long_needle
0011819c 00000238 T strstr
001183d4 000000e4 T memset
001184b8 000004f0 T _realloc_r
001189a8 0000000c T __malloc_lock
001189b4 0000000c T __malloc_unlock
001189c0 00000004 W __call_exitprocs
001189c4 00000030 T exit
001189f4 000000d4 T strncpy
00118ac8 0000012c T memcpy
00118bf4 00000028 T _wcsrtombs_r
00118c20 00000088 T frexp
00118ca8 00000044 T __sread
00118cec 00000068 T __swrite
00118d54 00000040 T __sseek
00118d94 00000008 T __sclose
00118d9c 0000016c T memmove
00118f08 00000024 T __locale_mb_cur_max
00118f2c 000000a4 T __ssprint_r
00118fd0 0000016c T _memalign_r
0011913c 0000015c T _wcsnrtombs_l
00119298 00000064 T _wcsnrtombs_r
001192fc 00000340 T __utf8_mbtowc
0011963c 00000024 T _localeconv_r
00119660 000000e8 T memchr
00119748 000001c0 t quorem
00119908 00001420 T _dtoa_r
0011ad28 000000a0 T _wcrtomb_r
0011adc8 0000003c T __libc_fini_array
0011ae04 00000164 T __smakebuf_r
0011af68 0000012c T __ssputs_r
0011b094 000000f8 T __utf8_wctomb
0011b18c 0000005c T __assert_func
0011b1e8 00000088 T _Balloc
0011b270 0000001c T _Bfree
0011b28c 000000f4 T __multadd
0011b380 00000080 T __hi0bits
0011b400 000000f0 T __lo0bits
0011b4f0 000000a4 T __i2b
0011b594 00000230 T __multiply
0011b7c4 00000130 T __pow5mult
0011b8f4 00000138 T __lshift
0011ba2c 00000058 T __mcmp
0011ba84 00000218 T __mdiff
0011bc9c 00000120 T __d2b
0011bdbc 0000003c T fiprintf
0011bdf8 00000014 T abort
0011be0c 0000009c T _raise_r
0011bea8 00000020 T raise
0011bec8 000005e0 t get_arg
0011c4a8 000022f8 T _vfiprintf_r
0011e7a0 000000b4 t __sbprintf
0011e854 00000030 T __sprint_r
0011e884 00000140 T __swsetup_r
0011e9c4 000004a4 T __sfvwrite_r
0011ee68 00000020 T _exit
0011ee88 00000140 T chdir
0011efc8 000001c8 T _concatenate_path
0011f190 0000009c T _fstat_r
0011f22c 00000014 T _getpid_r
0011f240 0000002c T __getreent
0011f26c 00000058 T __get_handle
0011f2c4 00000110 T _close_r
0011f3d4 00000008 t null_write
0011f3dc 00000018 T setDefaultDevice
0011f3f4 000000c4 T FindDevice
0011f4b8 00000028 T RemoveDevice
0011f4e0 00000098 T AddDevice
0011f578 00000020 T GetDeviceOpTab
0011f598 00000008 T _isatty_r
0011f5a0 00000014 T _kill_r
0011f5b4 00000094 T _lseek_r
0011f648 00000094 T _read_r
0011f6dc 00000078 W _sbrk_r
0011f754 0000001c T __libc_lock_acquire
0011f770 0000001c T __libc_lock_release
0011f78c 0000001c T __libc_lock_acquire_recursive
0011f7a8 0000001c T __libc_lock_release_recursive
0011f7c4 00000094 T _write_r
0011f858 00000048 T strrchr
0011f8a0 T _fini
00120258 r .LC2
0012039c R render2d_shbin
00120528 R render2d_shbin_end
00120528 R render2d_shbin_size
0012052c 00000004 r depthFmtSizes
00120530 00000005 r colorFmtSizes
00120538 00000010 r CSWTCH.11
00120570 00000008 r morton_y.2
00120578 00000008 r morton_x.3
00120580 00000008 r s_sleepWakeEvents.4
00120588 0000000c r serviceNameTable.5
00120594 00000030 r error_table
001205c4 00000080 r archive_devoptab
0012076c 00000010 r zeroes.0
0012077c 00000010 r blanks.1
0012078c 00000101 R _ctype_
00120890 0000006c R __action_table
001208fc 0000006c R __state_table
00120968 00000100 R __chclass
00120a70 0000000c r p05.0
00120a80 00000028 R __mprec_bigtens
00120aa8 000000c8 R __mprec_tens
00120c5c 00000010 r zeroes.0
00120c6c 00000010 r blanks.1
00120c7c 00000080 R dotab_stdnull
00120cfc R __tdata_align
00120d00 r __EH_FRAME_BEGIN__
00120d00 R __exidx_end
00120d00 R __exidx_start
00121000 00000080 D g_statusMessage
00121080 00000008 d framerateCounter
00121088 00000004 d framerate
0012108c 00000004 d queueLock
00121090 00000004 d aptChainloadDeliverArgSize
00121094 00000004 d kCount
00121098 00000004 d kInterval
0012109c 00000004 d kDelay
001210a0 W __stacksize__
001210a4 0000000c D __sglue
001210b0 00000004 D __malloc_sbrk_base
001210b4 00000004 D __malloc_trim_threshold
001210b8 00000408 D __malloc_av_
001214c0 00000004 D _impure_ptr
001214c8 00000140 D _impure_data
00121608 0000016c D __global_locale
00121774 00000400 d _current_working_directory
00121b78 00001000 d handles
00122b78 0000000c d __stderr_handle
00122b84 0000000c d __stdout_handle
00122b90 0000000c d __stdin_handle
00122b9c 0000008c D devoptab_list
00122c28 00000004 d defaultDevice
00122c34 d _GLOBAL_OFFSET_TABLE_
00122c40 d __frame_dummy_init_array_entry
00122c40 D __init_array_start
00122c40 B __preinit_array_end
00122c40 B __preinit_array_start
00122c40 D __tdata_lma
00122c40 D __tdata_lma_end
00122c44 d __do_global_dtors_aux_fini_array_entry
00122c44 D __fini_array_start
00122c44 D __init_array_end
00122c48 D __bss_start__
00122c48 D __fini_array_end
00122c48 00000004 B g_staticBuf
00122c4c 0000001c B g_textObj
00122c68 00000004 B top
00122c6c 00000004 B bottom
00122c70 00000004 B g_videoCount
00122c74 000000a0 B g_videoAuthors
00122d14 00000140 B g_videoTitles
00122e54 00000040 B g_sessionToken
00122e94 00000001 B g_state
00122e98 00000004 B g_selectedVideo
00122e9c b completed.1
00122ea0 b object.0
00122eb8 000005a8 B __C2Di_Context
00123460 00000040 b s_projBot
001234a0 00000040 b s_projTop
001234e0 00000004 b uLoc_mdlvMtx
001234e4 00000004 b uLoc_projMtx
001234e8 00000004 b s_glyphSheets
001234ec 00000004 b s_textScale
001234f0 0000000c b hookCookie
00123500 000002d0 B __C3D_Context
001237d0 00000004 b frameEndCbData
001237d4 00000004 b frameEndCb
001237d8 00000008 b frameCounter
001237e0 00000001 b isTopStereo
001237e1 00000001 b needSwapBot
001237e2 00000001 b needSwapTop
001237e3 00000001 b measureGpuTime
001237e4 00000001 b inSafeTransfer
001237e5 00000001 b inFrame
001237e8 00000010 b cpuTime
001237f8 00000010 b gpuTime
00123808 0000000c b linkedTarget
00123814 00000004 b lastTarget
00123818 00000004 b firstTarget
0012381c 00000008 b C3Di_IVUnifEverDirty
00123824 000000c0 b C3Di_FVUnifEverDirty
001238e4 00000018 b C3Di_ShaderFVecData
001238fc 00000002 B C3D_BoolUnifsDirty
00123900 00000008 B C3D_IVUnifDirty
00123908 000000c0 B C3D_FVUnifDirty
001239c8 00000004 B C3D_BoolUnifs
001239cc 00000020 B C3D_IVUnif
001239ec 00000c00 B C3D_FVUnif
001245f0 00000008 b sLinearPool
001245f8 0000000c b sAddrMap
00124608 00000008 b sVramPoolB
00124610 00000008 b sVramPoolA
00124618 0000000c b sAddrMap
00124624 00000004 b sharedFontAddr
00124628 00000004 B g_sharedFont
0012462c 00000004 b screenAlloc
00124630 00000004 b screenFree
00124634 00000002 b gfxIsDoubleBuf
00124638 00000002 b gfxCurBuf
0012463a 00000001 b gfxIsVram
0012463b 00000001 b gfxTopMode
0012463c 00000002 b gfxFramebufferFormats
00124640 00000004 b gfxBottomFramebufferMaxSize
00124644 00000004 b gfxTopFramebufferMaxSize
00124648 00000008 b gfxBottomFramebuffers
00124650 00000008 b gfxTopFramebuffers
00124658 00000001 V __ctru_speedup
0012465c 00000004 B gpuCmdBufOffset
00124660 00000004 B gpuCmdBufSize
00124664 00000004 B gpuCmdBuf
00124668 00000004 b boundQueue
0012466c 00000001 b shouldStop
0012466d 00000001 b isRunning
0012466e 00000001 b isActive
00124670 00000004 b curQueue
00124674 00000001 b flagValue.0
00124675 00000001 b flagInit.1
00124678 00000004 b serviceName.6
0012467c 00000001 b aptChainloadFlags
0012467d 00000001 b aptChainloadMediatype
00124680 00000020 b aptChainloadHmac
001246a0 00000300 b aptChainloadDeliverArg
001249a0 00000008 b aptChainloadTid
001249a8 00001000 b aptParameters
001259a8 00000004 b aptFlags
001259ac 00000001 b aptHomeButtonState
001259b0 00000004 b aptMessageFuncData
001259b4 00000004 b aptMessageFunc
001259b8 0000000c b aptFirstHook
001259c4 00000001 b aptEventHandlerThreadQuit
001259c8 00000004 b aptEventHandlerThread
001259cc 00000008 b aptSleepEvent
001259d4 00000008 b aptReceiveEvent
001259dc 00000008 b aptEvents
001259e4 00000004 b aptLockHandle
001259e8 00000004 b aptRefCount
001259f0 00000080 b fsExemptArchives
00125a70 00000004 b fsuRefCount
00125a74 00000004 b fsuHandle
00125a78 00000007 b gspEventCbOneShot
00125a80 0000001c b gspEventCbData
00125a9c 0000001c b gspEventCb
00125ab8 00000038 b gspEvents
00125af0 00000004 b gspLastEvent
00125af4 00000001 b gspRunEvents
00125af8 00000004 b gspEventThread
00125afc 00000004 b gspEvent
00125b00 00000001 b gspGpuRight
00125b01 00000001 b gspThreadId
00125b04 00000004 b gspSharedMem
00125b08 00000004 b gspSharedMemHandle
00125b0c 00000004 b gspRefCount
00125b10 00000004 b gspGpuHandle
00125b14 00000001 b usingIrrst
00125b18 00000004 b hidRefCount
00125b1c 00000006 b gRate
00125b24 00000006 b aVec
00125b2c 00000004 b cPos
00125b30 00000004 b tPos
00125b34 00000004 b kRepeat
00125b38 00000004 b kUp
00125b3c 00000004 b kDown
00125b40 00000004 b kHeld
00125b44 00000004 b kOld
00125b48 00000004 B hidSharedMem
00125b4c 00000014 B hidEvents
00125b60 00000004 B hidMemHandle
00125b64 00000004 B hidHandle
00125b68 00000004 b __httpc_sharedmem_handle
00125b6c 00000004 b __httpc_sharedmem_size
00125b70 00000004 B __httpc_sharedmem_addr
00125b74 00000004 b __httpc_refcount
00125b78 00000004 B __httpc_servhandle
00125b7c 00000004 b irrstRefCount
00125b80 00000004 b csPos
00125b84 00000004 b kHeld
00125b88 00000004 B irrstSharedMem
00125b8c 00000004 B irrstEvent
00125b90 00000004 B irrstMemHandle
00125b94 00000004 B irrstHandle
00125b98 00000004 b ptmSysmRefCount
00125b9c 00000004 b ptmSysmHandle
00125ba0 00000004 b swkbdSharedMemHandle
00125ba4 00000004 b swkbdSharedMem
00125ba8 00000004 V __ctru_linear_heap_size
00125bac 00000004 V __ctru_heap_size
00125bb0 00000004 B __ctru_linear_heap
00125bb4 00000004 B __ctru_heap
00125bb8 00000004 B __system_retAddr
00125bbc 00000004 B __system_argv
00125bc0 00000004 B __system_argc
00125bc4 b saved_stack
00125bcc 00000004 B __3dslink_host
00125bd0 00000004 b srvRefCount
00125bd4 00000004 b srvHandle
00125bd8 00000004 b arbiter
00125bdc 00000004 b currentAddr
00125be0 00000004 b maxAddr
00125be4 00000004 b minAddr
00125be8 00000004 b srvPmHandle
00125bf0 000005c0 b archive_devices
001261b0 00000004 b archive_device_cwd
001261b4 00000001 b archive_initialized
001261b8 0000000c b __sfp_recursive_mutex
001261c8 00000168 B __sf
00126330 00000004 B __stdio_exit_handler
00126334 00000028 B __malloc_current_mallinfo
0012635c 00000004 B __malloc_max_total_mem
00126360 00000004 B __malloc_max_sbrked_mem
00126364 00000004 B __malloc_top_pad
00126368 0000000c b __malloc_recursive_mutex
00126374 00000400 b temp_cwd
00126774 00000004 b __hndl_lock
00126778 00000004 B fake_heap_start
0012677c 00000004 B fake_heap_end
00126780 00000004 b heap_start.0
00126784 B __tls_start
0012738c B __bss_end__
0012738c A __end__
0012738c B __tls_end
